// Jest Snapshot v1, https://goo.gl/fbAQLP

exports[`renders without crashing 1`] = `
<DocumentFragment>
  <nav
    class="navbar navbar-expand navbar-dark bg-dark fixed-top"
  >
    <div
      class="container"
    >
      <a
        class="navbar-brand"
        href="/"
      >
        ICL Size Calc
      </a>
      <form
        class="form-inline"
      >
        <button
          class="btn btn-danger"
          type="button"
        >
          Reset
        </button>
      </form>
    </div>
  </nav>
</DocumentFragment>
`;
