// Jest Snapshot v1, https://goo.gl/fbAQLP

exports[`renders without crashing 1`] = `
<div
  style={
    Object {
      "marginLeft": "71px",
      "marginRight": "15px",
    }
  }
/>
`;
